[fadso.me/index.html]
[backblue.gif]
[fade.gif]
[index.html]
[fadso.me/wp-content/themes/muzeum/static/img/whitenoise-360x370.png]
[fadso.me/wp-content/themes/muzeum/static/img/transparent-header.png]
[fadso.me/wp-content/litespeed/ucss/5dfa8b62f16ec2566486de33bc16501a3874.css]
[fadso.me/wp-content/plugins/litespeed-cache/assets/js/css_async.min.js]
[fadso.me/xmlrpc0db0.php]
[fadso.me/feed/index.html]
[fadso.me/comments/feed/index.html]
[fadso.me/wp-content/themes/muzeum/static/js/ionicons/ionicons.esm.js]
[fadso.me/wp-json/index.html]
[fadso.me/index.html]
[fadso.me/wp-content/litespeed/ucss/5dfa8b62f16ec2566486de33bc16501a3874.css]
[fadso.me/wp-content/plugins/litespeed-cache/assets/js/css_async.min.js]
[fadso.me/buuga-fadso-2024/index.html]
[fadso.me/2024/06/index.html]
[fadso.me/wp-content/litespeed/ucss/beac5c8be45491efe5078d8e933a12c83874.css]
[fadso.me/wp-json/wp/v2/posts/5656.json]
[fadso.me/wp-json/oembed/1.0/embed4807.json]
[fadso.me/buuga-fadso-2024/feed/index.html]
[fadso.me/buuga-fadso-2024/index.html]
[fadso.me/wp-json/oembed/1.0/embedd4c5]
[fadso.me/wp-content/litespeed/css/b249425a7841b3a7b06587a127fc75253874.css]
[fadso.me/2024/06/index.html]
[fadso.me/wp-content/themes/muzeum/static/js/ionicons/ionicons.esm.js]
[fadso.me/wp-content/plugins/litespeed-cache/guest.vary.html]
[fadso.me/wp-content/litespeed/ucss/beac5c8be45491efe5078d8e933a12c83874.css]
[fadso.me/category/diinta/index.html]
[fadso.me/indexd1e1.html]
[fadso.me/wp-json/wp/v2/categories/1.json]
[fadso.me/category/diinta/index.html]
[fadso.me/wp-content/litespeed/css/b249425a7841b3a7b06587a127fc75253874.css]
[fadso.me/category/diinta/feed/index.html]
